[33m[7mt460s[0m[33m               [0m  t460s/ common/
[36m[7mc[0m[36mhroot              [0m  interpreter=
[36m[7mc[0m[36mommon packages     [0m  interpreter=/bin/ksh -x
[36m[7md[0m[36mesktop             [0m  interpreter=/bin/ksh -x
