[
  {
    "aliases": ["localhost", "127.0.0.1", "::1"],
    "export_paths": ["t460s/", "common/"],
    "labels": [
      {
        "name": "chroot",
        "content_size": 146,
        "options": {
          "environment": "",
          "environment_file": "",
          "interpreter": "",
          "local_interpreter": "",
          "execute_with": "doas",
          "begin": "",
          "end": ""
        }
      },
      {
        "name": "common packages",
        "content_size": 210,
        "options": {
          "environment": "WORKDIR=\"$PWD\" http_proxy=\"http://192.168.3.2:3128\"",
          "environment_file": "",
          "interpreter": "",
          "local_interpreter": "/bin/sh -e",
          "execute_with": "doas",
          "begin": "[ -f .lock ] && false || touch .lock",
          "end": "rm .lock"
        }
      },
      {
        "name": "desktop",
        "content_size": 30,
        "options": {
          "environment": "WORKDIR=\"$PWD\" http_proxy=\"http://192.168.3.2:3128\"",
          "environment_file": "",
          "interpreter": "/bin/ksh -x",
          "local_interpreter": "/bin/sh -e",
          "execute_with": "doas",
          "begin": "",
          "end": ""
        }
      }
    ]
  },
  {
    "aliases": ["relay1.local", "relay2.local", "relay3.local"],
    "export_paths": ["common/"],
    "labels": [
      {
        "name": "chroot",
        "content_size": 146,
        "options": {
          "environment": "",
          "environment_file": "",
          "interpreter": "",
          "local_interpreter": "",
          "execute_with": "doas",
          "begin": "",
          "end": ""
        }
      }
    ]
  }
]
