[0] common packages
MIRROR=http://cdn.openbsd.org/pub/OpenBSD
pkg_add rsync-- ruby%2.6
echo "inet 172.16.0.1/16" > /etc/hostname.vether0
echo "add vether0" > /etc/hostname.bridge0

cat <<-EOF > /dev/null
fake label:
# comment
EOF
.
[1] desktop
pkg_add hermit-font vim--gtk2
.
